// Vitest Snapshot v1, https://vitest.dev/guide/snapshot.html

exports[`SnackBar component > should match the snapthot 1`] = `
{
  "asFragment": [Function],
  "baseElement": <body>
    <div>
      <div
        class="fixed bottom-4 right-4 w-[400px] p-4 bg-gray-800 text-white rounded-lg shadow-lg flex items-start space-x-4 md:flex"
        data-testid="snack-bar"
      >
        test
        <button
          class="p-2 rounded-sm hover:bg-gray-700 focus:outline-none focus:ring-2 focus:ring-gray-500"
          data-testid="snack-bar-close-btn"
        >
          <span
            class="text-white text-xl fa fa-times"
          />
        </button>
      </div>
    </div>
  </body>,
  "container": <div>
    <div
      class="fixed bottom-4 right-4 w-[400px] p-4 bg-gray-800 text-white rounded-lg shadow-lg flex items-start space-x-4 md:flex"
      data-testid="snack-bar"
    >
      test
      <button
        class="p-2 rounded-sm hover:bg-gray-700 focus:outline-none focus:ring-2 focus:ring-gray-500"
        data-testid="snack-bar-close-btn"
      >
        <span
          class="text-white text-xl fa fa-times"
        />
      </button>
    </div>
  </div>,
  "debug": [Function],
  "findAllByAltText": [Function],
  "findAllByDisplayValue": [Function],
  "findAllByLabelText": [Function],
  "findAllByPlaceholderText": [Function],
  "findAllByRole": [Function],
  "findAllByTestId": [Function],
  "findAllByText": [Function],
  "findAllByTitle": [Function],
  "findByAltText": [Function],
  "findByDisplayValue": [Function],
  "findByLabelText": [Function],
  "findByPlaceholderText": [Function],
  "findByRole": [Function],
  "findByTestId": [Function],
  "findByText": [Function],
  "findByTitle": [Function],
  "getAllByAltText": [Function],
  "getAllByDisplayValue": [Function],
  "getAllByLabelText": [Function],
  "getAllByPlaceholderText": [Function],
  "getAllByRole": [Function],
  "getAllByTestId": [Function],
  "getAllByText": [Function],
  "getAllByTitle": [Function],
  "getByAltText": [Function],
  "getByDisplayValue": [Function],
  "getByLabelText": [Function],
  "getByPlaceholderText": [Function],
  "getByRole": [Function],
  "getByTestId": [Function],
  "getByText": [Function],
  "getByTitle": [Function],
  "queryAllByAltText": [Function],
  "queryAllByDisplayValue": [Function],
  "queryAllByLabelText": [Function],
  "queryAllByPlaceholderText": [Function],
  "queryAllByRole": [Function],
  "queryAllByTestId": [Function],
  "queryAllByText": [Function],
  "queryAllByTitle": [Function],
  "queryByAltText": [Function],
  "queryByDisplayValue": [Function],
  "queryByLabelText": [Function],
  "queryByPlaceholderText": [Function],
  "queryByRole": [Function],
  "queryByTestId": [Function],
  "queryByText": [Function],
  "queryByTitle": [Function],
  "rerender": [Function],
  "unmount": [Function],
}
`;
